# CDB035 envctl export validation
2026-07-02T06:32:53Z
## envctl source repo
## master...origin/master
98a7e36090ddb53b3af1b7db622a14559a29665d
98a7e36090ddb53b3af1b7db622a14559a29665d
## fmt
## build
   Compiling codedb v0.1.0 (/home/flexnetos/Downloads/nu_plugin/crates/codedb)
    Finished `dev` profile [unoptimized + debuginfo] target(s) in 0.46s
## export json
23
## export nuon
23
## export csv
9
## authority boundary grep
7:CodeDB is the authority for file-to-datatable conversion and code facts. It owns blob
11:envctl is a downstream consumer. It consumes CodeDB exports and checksums when it needs
12:to materialize, regenerate, or reconcile files. It must not read redb internals or
TASK-CDB035 envctl export contract verification

Validation command:
  cargo test -p codedb --test relative_repo_path -- --nocapture

Result: passed (2 tests). The envctl contract test invokes `codedb export envctl`
against an isolated fixture in JSON, NUON, and CSV formats. It verifies that every
materialization target binds the checksum exported for its declared source table and
that exported backend access is forbidden.

## 2026-07-27 focused revalidation

Command:
  rtk cargo test -p codedb --test relative_repo_path

Result: passed (4 tests, 0.86s). The envctl contract test continues to validate
JSON, NUON, and CSV projections, including the declared-source-table checksum
binding for each materialization row.

## 2026-07-28 review revalidation

Commands:
  rtk cargo fmt --check -p codedb
  rtk cargo test -p codedb --test relative_repo_path

Result: passed. Formatting is clean, and the focused integration suite passed
4 tests (0.88s). The export contract confirms checksums for both
`filesystem_entries` and `codedb_source_root_hashes`; every materialization
row binds the checksum for its declared source table, and backend access stays
forbidden in every exported row.
