# CDB018 source metadata and secret policy validation
task: TASK-CDB018
packet_source_commit: c84740532ded2a27ee283ea7a3a5f303eaeb61a7
verified_worktree_head: 68ba17aaa62ec30a6fb23425b5258ba3cfaf6b70
verified_at_utc: 2026-07-27T13:52:21Z
network: disabled
dependency_changes: none
build_target: isolated temporary directory outside repository

## cargo test --offline -p codedb-core source_metadata_is_metadata_only_by_default
test tests::source_metadata_is_metadata_only_by_default ... ok
result: ok; 1 passed; 0 failed

## cargo test --offline -p codedb-core secret_like_source_is_redacted_by_policy
test tests::secret_like_source_is_redacted_by_policy ... ok
result: ok; 1 passed; 0 failed

## cargo test --offline -p codedb-core
unit tests: 29 passed; 0 failed
capture_policy integration tests: 21 passed; 0 failed
contained_reads integration tests: 4 passed; 0 failed
materialization_paths integration tests: 12 passed; 0 failed
secret_classifier integration tests: 4 passed; 0 failed
store_migrations integration tests: 3 passed; 0 failed
store_spec integration tests: 4 passed; 0 failed
doc tests: 0 passed; 0 failed

policy evidence:
- metadata-only default passed
- secret-like source redaction passed
- default-deny, classifier guard, digest-bound external policy, repository-policy non-authorization, and raw-source leak guards passed
- secret-detected and uncertain content remain metadata-only

CDB018_STATUS filtered_metadata=0 filtered_secret=0 suite=0
completion_gate: source capture safe
