Using saved setting for 'extra-substituters = https://yazelix.cachix.org' from ~/.local/share/nix/trusted-settings.json.
Using saved setting for 'extra-trusted-public-keys = yazelix.cachix.org-1:ZgxIjQvaP0VTWL8Racx27mpUNzDJ97xC2y7QWYjmGNM=' from ~/.local/share/nix/trusted-settings.json.
warning: ignoring the client-specified setting 'trusted-public-keys', because it is a restricted setting and you are not a trusted user
warning: ignoring the client-specified setting 'trusted-public-keys', because it is a restricted setting and you are not a trusted user
warning: ignoring the client-specified setting 'trusted-public-keys', because it is a restricted setting and you are not a trusted user
evaluation warning: The xorg package set has been deprecated, 'xorg.libX11' has been renamed to 'libx11'
evaluation warning: The xorg package set has been deprecated, 'xorg.libxcb' has been renamed to 'libxcb'
evaluation warning: The xorg package set has been deprecated, 'xorg.libxshmfence' has been renamed to 'libxshmfence'
building '/nix/store/ddf3sg4xa5ryhzh4jrcajsbjhc489njp-cargo-vendor-dir.drv'...
building '/nix/store/fmflhp52g862wh13zj02w7rq8hf8qfn4-yazelix-core-0.1.0.drv'...
building '/nix/store/l119g9bisvgrchnpnkabb5hps8qmvl4d-yzx.drv'...
building '/nix/store/5gxwidicb4qww03kc8208xfgrlms0ijc-nix-shell-env.drv'...
warning: ignoring the client-specified setting 'trusted-public-keys', because it is a restricted setting and you are not a trusted user
# CDB021 context row validation
Thu Jul  2 05:18:42 UTC 2026

## cargo fmt -p codedb-cargo --check

## cargo test -p codedb-cargo context_rows_are_keyed_and_deterministic
   Compiling codedb-cargo v0.1.0 (/home/flexnetos/Downloads/nu_plugin/crates/codedb_cargo)
    Finished `test` profile [unoptimized + debuginfo] target(s) in 0.44s
     Running unittests src/lib.rs (target/debug/deps/codedb_cargo-5338f8097068801b)

running 1 test
test tests::context_rows_are_keyed_and_deterministic ... ok

test result: ok. 1 passed; 0 failed; 0 ignored; 0 measured; 2 filtered out; finished in 0.00s


## cargo test -p codedb-cargo
   Compiling codedb-cargo v0.1.0 (/home/flexnetos/Downloads/nu_plugin/crates/codedb_cargo)
    Finished `test` profile [unoptimized + debuginfo] target(s) in 0.33s
     Running unittests src/lib.rs (target/debug/deps/codedb_cargo-5338f8097068801b)

running 3 tests
test tests::cargo_source_classifier_covers_registry_git_and_path ... ok
test tests::context_rows_are_keyed_and_deterministic ... ok
test tests::cargo_metadata_fixture_capture_is_stable ... ok

test result: ok. 3 passed; 0 failed; 0 ignored; 0 measured; 0 filtered out; finished in 0.20s

   Doc-tests codedb_cargo

running 0 tests

test result: ok. 0 passed; 0 failed; 0 ignored; 0 measured; 0 filtered out; finished in 0.00s

## TASK-CDB021 execution receipt (2026-07-27)

- Approval: `APPROVAL-TASK-CDB021` (digest-bound owner authorization).
- Dependency: CDB019 is complete; this receipt preserves the declared block on CDB022.
- Output surface: `codedb_contexts`; context identity includes the locked Cargo
  resolution, requested target, feature mode, and toolchain/cfg observations.
- Verification: `cargo test --offline -p codedb-context --test runtime_context`
  passed (6/6): locked target/feature/toolchain capture, lockfile+target identity,
  feature-mode identity, nearest lockfile resolution, and fixture-root isolation.
- Network access: disabled by `--offline`. No source files were changed by this
  verification; this log is the sole task-owned modification.
- Completion gate: context captured. Validation gate: context rows deterministic.

## TASK-CDB021 review handoff (2026-07-28)

- Reviewed against pinned source snapshot `c84740532ded2a27ee283ea7a3a5f303eaeb61a7`.
- Authoritative `execution/TASK_GRAPH.csv` marks CDB021 complete, with CDB019
  complete and CDB022 remaining blocked as declared.
- The pinned snapshot contains `codedb_contexts` support and the six-case
  `codedb-context` runtime-context regression test; no subsequent diff touches
  the context crate.
- This is a dry-run-only review record. No dependency, source, or replay action
  was performed.

## TASK-CDB021 packet review (2026-07-28)

- Verified the packet’s pinned commit `c84740532ded2a27ee283ea7a3a5f303eaeb61a7`
  is an ancestor of the current repository HEAD; the only later context-crate
  change is `crates/codedb_context/tests/runtime_context.rs`.
- The authoritative V1.1 graph records CDB019 and CDB021 as complete and names
  deterministic `codedb_contexts` rows as CDB021’s validation gate. The packet
  continues to declare CDB022 as blocked for this handoff.
- Replay is dry-run-only and apply-forbidden. No test, source, dependency, or
  replay action was performed; this review entry is the sole task-owned change.
