Using saved setting for 'extra-substituters = https://yazelix.cachix.org' from ~/.local/share/nix/trusted-settings.json.
Using saved setting for 'extra-trusted-public-keys = yazelix.cachix.org-1:ZgxIjQvaP0VTWL8Racx27mpUNzDJ97xC2y7QWYjmGNM=' from ~/.local/share/nix/trusted-settings.json.
warning: ignoring the client-specified setting 'trusted-public-keys', because it is a restricted setting and you are not a trusted user
warning: ignoring the client-specified setting 'trusted-public-keys', because it is a restricted setting and you are not a trusted user
warning: ignoring the client-specified setting 'trusted-public-keys', because it is a restricted setting and you are not a trusted user
evaluation warning: The xorg package set has been deprecated, 'xorg.libX11' has been renamed to 'libx11'
evaluation warning: The xorg package set has been deprecated, 'xorg.libxcb' has been renamed to 'libxcb'
evaluation warning: The xorg package set has been deprecated, 'xorg.libxshmfence' has been renamed to 'libxshmfence'
building '/nix/store/pm4xihmk7l5p56wmiaccx5jh1lq6m252-cargo-vendor-dir.drv'...
building '/nix/store/zql7cj6j12kpcmiyivv5jhw5w36drfmy-yazelix-core-0.1.0.drv'...
building '/nix/store/68z2sirwwnh2yg2la76l1yvkh05ya3g9-yzx.drv'...
building '/nix/store/m9xfk4jkljh2z3il4jfim17a9q5m5vai-nix-shell-env.drv'...
warning: ignoring the client-specified setting 'trusted-public-keys', because it is a restricted setting and you are not a trusted user
# CDB020 Cargo source provenance validation
Thu Jul  2 05:15:47 UTC 2026

## cargo fmt -p codedb-cargo --check

## cargo test -p codedb-cargo cargo_source_classifier_covers_registry_git_and_path
   Compiling codedb-cargo v0.1.0 (/home/flexnetos/Downloads/nu_plugin/crates/codedb_cargo)
    Finished `test` profile [unoptimized + debuginfo] target(s) in 0.37s
     Running unittests src/lib.rs (target/debug/deps/codedb_cargo-9dff41e24ccafa40)

running 1 test
test tests::cargo_source_classifier_covers_registry_git_and_path ... ok

test result: ok. 1 passed; 0 failed; 0 ignored; 0 measured; 1 filtered out; finished in 0.00s


## cargo test -p codedb-cargo cargo_metadata_fixture_capture_is_stable
    Finished `test` profile [unoptimized + debuginfo] target(s) in 0.03s
     Running unittests src/lib.rs (target/debug/deps/codedb_cargo-9dff41e24ccafa40)

running 1 test
test tests::cargo_metadata_fixture_capture_is_stable ... ok

test result: ok. 1 passed; 0 failed; 0 ignored; 0 measured; 1 filtered out; finished in 0.20s


## cargo test -p codedb-cargo
   Compiling codedb-cargo v0.1.0 (/home/flexnetos/Downloads/nu_plugin/crates/codedb_cargo)
    Finished `test` profile [unoptimized + debuginfo] target(s) in 0.30s
     Running unittests src/lib.rs (target/debug/deps/codedb_cargo-9dff41e24ccafa40)

running 2 tests
test tests::cargo_source_classifier_covers_registry_git_and_path ... ok
test tests::cargo_metadata_fixture_capture_is_stable ... ok

test result: ok. 2 passed; 0 failed; 0 ignored; 0 measured; 0 filtered out; finished in 0.20s

   Doc-tests codedb_cargo

running 0 tests

test result: ok. 0 passed; 0 failed; 0 ignored; 0 measured; 0 filtered out; finished in 0.00s

## 2026-07-28 review handoff (read-only)

- Scope: review only. No source, dependency, network, or generated-artifact mutation was performed.
- Authority: `execution/TASK_GRAPH.csv` marks CDB020 complete; its acceptance gate is `registry/git/path facts captured` and its evidence target is this log.
- Pinned source check: `crates/codedb_cargo/src/lib.rs` is byte-identical at packet snapshot `c84740532ded2a27ee283ea7a3a5f303eaeb61a7` and the mounted worktree (`sha256: 8a519ca5347c662bd8da0d150188a7fd40c4bfd783369c557639183ebd2cb775`).
- Implementation review: Cargo metadata produces source rows for both package and dependency observations; `None` is path, `registry+` and `sparse+` are registry, and `git+` is git. Rows are deterministically sorted by owner, observation origin, source name, and source URI.
- Existing raw validation in this log records `cargo_source_classifier_covers_registry_git_and_path` passing, followed by the two-test `codedb-cargo` suite passing. The classifier operates on supplied metadata strings and performs no network operation.
- Worktree note: unrelated changes exist outside this task's only allowed path. They were neither inspected as task evidence nor modified.
- Result: CDB020 review accepted for the pinned cargo-source classifier and its existing validation record. This is not a new current-HEAD build receipt.
