# CDB027 native/link static validation

## Scope

Static native/link capture only. The fixture's `build.rs` is parsed; neither a
build script nor a linker is executed.

## Represented native/link facts

- `native_libraries`: `foo`, kind `static`
- `link_search_paths`: `/opt/foo/lib`, kind `native`
- `link_args`: `-Wl,--as-needed`

## Explicit capture gaps

For `build.rs`, static capture records these unobserved runtime facts as gaps:

- `linker_tool`
- `library_availability`
- `link_result`

Reason: static native/link capture does not execute build scripts or linkers.

## Verification

Command (offline with an isolated temporary target directory):

```text
CARGO_NET_OFFLINE=true CARGO_TARGET_DIR=<temporary-dir> cargo test --offline -p codedb-rust-static native_link_fixture_emits_static_rows_and_gaps
```

Result: passed — 1 passed, 0 failed, 23 filtered out.

The fixture verifies that the three native/link rows and all three capture gaps
are emitted deterministically.
