Using saved setting for 'extra-substituters = https://yazelix.cachix.org' from ~/.local/share/nix/trusted-settings.json.
Using saved setting for 'extra-trusted-public-keys = yazelix.cachix.org-1:ZgxIjQvaP0VTWL8Racx27mpUNzDJ97xC2y7QWYjmGNM=' from ~/.local/share/nix/trusted-settings.json.
warning: ignoring the client-specified setting 'trusted-public-keys', because it is a restricted setting and you are not a trusted user
warning: ignoring the client-specified setting 'trusted-public-keys', because it is a restricted setting and you are not a trusted user
warning: ignoring the client-specified setting 'trusted-public-keys', because it is a restricted setting and you are not a trusted user
evaluation warning: The xorg package set has been deprecated, 'xorg.libX11' has been renamed to 'libx11'
evaluation warning: The xorg package set has been deprecated, 'xorg.libxcb' has been renamed to 'libxcb'
evaluation warning: The xorg package set has been deprecated, 'xorg.libxshmfence' has been renamed to 'libxshmfence'
warning: ignoring the client-specified setting 'trusted-public-keys', because it is a restricted setting and you are not a trusted user
# CDB026 static include edge validation
Thu Jul  2 05:37:14 UTC 2026

## cargo fmt -p codedb-rust-static --check

## cargo test -p codedb-rust-static include_fixture_passes
   Compiling codedb-rust-static v0.1.0 (/home/flexnetos/Downloads/nu_plugin/crates/codedb_rust_static)
    Finished `test` profile [unoptimized + debuginfo] target(s) in 0.43s
     Running unittests src/lib.rs (target/debug/deps/codedb_rust_static-c47a5d39749741f8)

running 1 test
test tests::include_fixture_passes ... ok

test result: ok. 1 passed; 0 failed; 0 ignored; 0 measured; 4 filtered out; finished in 0.00s


## cargo test -p codedb-rust-static
   Compiling codedb-rust-static v0.1.0 (/home/flexnetos/Downloads/nu_plugin/crates/codedb_rust_static)
    Finished `test` profile [unoptimized + debuginfo] target(s) in 0.29s
     Running unittests src/lib.rs (target/debug/deps/codedb_rust_static-c47a5d39749741f8)

running 5 tests
test tests::build_script_fixture_emits_static_rows_and_gaps ... ok
test tests::include_fixture_passes ... ok
test tests::macro_fixture_passes_with_gaps ... ok
test tests::simple_item_fixture_passes ... ok
test tests::proc_macro_fixture_emits_static_rows_and_gaps ... ok

test result: ok. 5 passed; 0 failed; 0 ignored; 0 measured; 0 filtered out; finished in 0.00s

   Doc-tests codedb_rust_static

running 0 tests

test result: ok. 0 passed; 0 failed; 0 ignored; 0 measured; 0 filtered out; finished in 0.00s

## TASK-CDB026 approved replay validation (2026-07-27T14:57:21Z)

Scope: review/replay validation only; no implementation source was changed.

Commands:

```text
CARGO_NET_OFFLINE=true cargo fmt -p codedb-rust-static --check
CARGO_NET_OFFLINE=true cargo test -p codedb-rust-static include_fixture_passes
```

Result: formatter check passed; `include_fixture_passes` passed (1 passed, 23 filtered).
The fixture verifies deterministic static capture of literal `include!`, `include_str!`,
`include_bytes!`, and `#[path]` edges while keeping dynamic path evaluation out of scope.

## TASK-CDB026 approved replay validation (2026-07-27T15:26:22Z)

Scope: review/replay validation only; no implementation source or dependencies changed.

Commands:

```text
CARGO_NET_OFFLINE=true cargo fmt -p codedb-rust-static --check
CARGO_NET_OFFLINE=true cargo test -p codedb-rust-static include_fixture_passes
```

Result: formatter check passed; `include_fixture_passes` passed (1 passed, 23 filtered).
The fixture confirms deterministic static capture of literal `include!`, `include_str!`,
`include_bytes!`, and `#[path]` edges while explicitly excluding dynamic path tracing.

## TASK-CDB026 review validation (2026-07-28)

Scope: review-only validation under packet source reference
`c84740532ded2a27ee283ea7a3a5f303eaeb61a7`; no implementation source,
dependencies, or replay state changed.

Commands:

```text
CARGO_NET_OFFLINE=true cargo fmt -p codedb-rust-static --check
CARGO_NET_OFFLINE=true cargo test -p codedb-rust-static include_fixture_passes
```

Result: formatter check passed; `include_fixture_passes` passed (1 passed, 23 filtered).
The reviewed fixture retains deterministic capture of literal `include!`, `include_str!`,
`include_bytes!`, and `#[path]` edges, and continues to exclude dynamic path tracing.

## TASK-CDB026 packet review (2026-07-28)

Scope: review-only validation; no implementation source, dependency, or replay state changed.

Commands:

```text
CARGO_NET_OFFLINE=true cargo fmt -p codedb-rust-static --check
CARGO_NET_OFFLINE=true cargo test -p codedb-rust-static include_fixture_passes
```

Result: formatter check passed; `include_fixture_passes` passed (1 passed, 23 filtered).
The analyzer deterministically captures literal `include!`, `include_str!`,
`include_bytes!`, and `#[path]` edges at syntax-only confidence, and records a gap
instead of tracing a nonliteral target. The packet source commit
`c84740532ded2a27ee283ea7a3a5f303eaeb61a7` is unavailable in the local Git object
database, so this review verifies the mounted current source only; it does not attest
byte-for-byte equivalence to that pinned snapshot.

## TASK-CDB026 companion-gate review (2026-07-28)

Scope: review-only under `GATE-CDB026`; no implementation source, dependencies, or
replay state changed. The packet's permitted log is the only repository artifact
updated.

Evidence:

```text
git diff --quiet c84740532ded2a27ee283ea7a3a5f303eaeb61a7 -- \
  crates/codedb_rust_static/src/lib.rs fixtures/include_edges
# exit 0: the reviewed static analyzer and include fixture match the pinned snapshot

CARGO_TARGET_DIR=<temporary external directory> CARGO_NET_OFFLINE=true \
  cargo fmt -p codedb-rust-static --check
# exit 0

CARGO_TARGET_DIR=<temporary external directory> CARGO_NET_OFFLINE=true \
  cargo test -p codedb-rust-static include_fixture_passes
# exit 0: 1 passed, 0 failed, 23 filtered out
```

Result: literal `include!`, `include_str!`, `include_bytes!`, and `#[path]` edges
remain statically captured. Dynamic file tracing remains excluded and must be
represented as a capture gap, consistent with the CDB026 stop condition.
