# TASK-CDB023 macro_rules static inventory validation
2026-07-27

## Scope and safety

- Approval: `APPROVAL-TASK-CDB023` (digest-bound owner authorization).
- Dependency: CDB022 is `complete` in `execution/TASK_GRAPH.csv`.
- The test is an offline, read-only static parser fixture; it does not invoke
  CodeDB's build-script or proc-macro capture paths.
- Existing unrelated worktree changes were preserved. This log is the sole
  TASK-CDB023 modification.

## Validation command

```text
CARGO_NET_OFFLINE=true cargo test --locked -p codedb-rust-static macro_fixture_passes_with_gaps
```

## Result

```text
Finished `test` profile [unoptimized + debuginfo] target(s) in 0.05s
Running unittests src/lib.rs (/run/user/1001/yazelix/volatile/cargo-target/debug/deps/codedb_rust_static-f52a55e2502324cd)

running 1 test
test tests::macro_fixture_passes_with_gaps ... ok

test result: ok. 1 passed; 0 failed; 0 ignored; 0 measured; 23 filtered out
```

## Evidence captured

- `macro_rules!` definitions are recorded with syntax-only confidence,
  including nested definitions and matcher/transcriber summaries.
- Item and statement invocations are recorded with syntax-only confidence.
- Compiler expansion and hygiene are explicitly emitted as capture gaps; this
  task makes no claim of compiler-level expansion, resolution, or hygiene
  truth.

Completion gate: macro tables captured. Validation gate: macro fixture passes
with the required gaps.

## LifeOS review handoff — 2026-07-28

- Packet: `PACKET-TASK-CDB023`; source snapshot:
  `c84740532ded2a27ee283ea7a3a5f303eaeb61a7`.
- Review outcome: passed. The pinned snapshot contains the deterministic
  `macro_fixture_passes_with_gaps` coverage for top-level and nested
  `macro_rules!` definitions, item and statement invocations, and explicit
  expansion/hygiene capture gaps. The static-capture implementation file is
  unchanged relative to that snapshot.
- Revalidation command (offline, read-only):
  `CARGO_NET_OFFLINE=true cargo test --locked -p codedb-rust-static macro_fixture_passes_with_gaps`
- Result: passed — 1 passed, 0 failed, 23 filtered out.
- No source, dependency, network, or replay apply action was performed. This
  review handoff is the sole TASK-CDB023 change.

## LifeOS review revalidation — 2026-07-28

- Packet: `PACKET-TASK-CDB023`; pinned source snapshot:
  `c84740532ded2a27ee283ea7a3a5f303eaeb61a7`.
- Snapshot check: `crates/codedb_rust_static` has no diff from the pinned
  snapshot. Pre-existing unrelated worktree changes were not modified.
- Offline read-only validation:
  `CARGO_NET_OFFLINE=true cargo test --locked -p codedb-rust-static macro_fixture_passes_with_gaps`
- Result: passed — 1 passed, 0 failed, 23 filtered out.
- Scope outcome: macro definitions and invocations remain statically captured;
  compiler expansion and hygiene remain explicit capture gaps. No source,
  dependency, network, or replay-apply action was performed.

## LifeOS final review — 2026-07-28

- Reviewed `PACKET-TASK-CDB023` against pinned snapshot
  `c84740532ded2a27ee283ea7a3a5f303eaeb61a7`. The task-owned
  `crates/codedb_rust_static` surface has no diff from that snapshot.
- Re-ran the declared deterministic gate offline:
  `CARGO_NET_OFFLINE=true cargo test --locked -p codedb-rust-static macro_fixture_passes_with_gaps`.
- Result: PASS — 1 passed, 0 failed, 23 filtered out. The fixture preserves the
  static-only contract: it inventories definitions/invocations deterministically
  and emits explicit expansion and hygiene gaps rather than claiming compiler
  truth.
- No source, dependency, network, secret-path, or replay-apply action was
  performed. This review record is the only TASK-CDB023 change.
