TASK-CDB034 optional build/proc-macro raw log capture verification
timestamp_utc: 2026-07-27T15:41:45Z
task_graph: execution/TASK_GRAPH.csv (CDB034)
approval: APPROVAL-TASK-CDB034 (workspace owner, approved)
verification: approved fixture captures logs or gaps
execution controls: offline; locked dependencies; isolated target directory; fixture-created temporary evidence only
## test command
cargo test --locked --offline -p codedb-build-capture -- --nocapture
## output
   Compiling zmij v1.0.21
   Compiling serde_core v1.0.228
   Compiling serde_json v1.0.150
   Compiling memchr v2.8.2
   Compiling itoa v1.0.18
   Compiling codedb-build-capture v0.1.0 (/home/flexnetos/meta/src/nu_plugin/crates/codedb_build_capture)
    Finished `test` profile [unoptimized + debuginfo] target(s) in 2.91s
     Running unittests src/lib.rs (/tmp/cdb034-build-capture-target/debug/deps/codedb_build_capture-0e4c7218b1da506f)

running 40 tests
test tests::approved_execution_rejects_non_allowlisted_environment ... ok
test tests::artifact_hashes_use_standard_sha256 ... ok
test tests::cargo_json_redaction_covers_nested_diagnostic_strings ... ok
test tests::cargo_warning_stdout_stderr_and_unknown_streams_are_fail_closed ... ok
test tests::missing_sandbox_backend_fails_closed ... ok
test tests::approval_binds_exact_environment_and_rejects_duplicate_or_ambiguous_order ... ok
test tests::cargo_json_redaction_is_key_aware_and_malformed_lines_are_metadata_only ... ok
test tests::out_dir_reproduction_rejects_escaping_paths ... ok
test tests::proc_macro_evidence_refuses_symlink_without_touching_target ... ok
test tests::redaction_covers_bare_secret_tokens ... ok
test tests::approved_fixture_capture_still_refuses_without_unsafe_flag ... ok
test tests::environment_rows_preserve_allowlisted_safe_values_and_summarize_unknown_values ... ok
test tests::execution_capability_is_bound_to_the_exact_request ... ok
test tests::capture_build_refuses_without_unsafe_flag ... ok
test tests::approved_execution_refuses_missing_approver_before_spawning_cargo ... ok
test tests::approval_rows_and_debug_error_formatting_never_expose_sentinels ... ok
test tests::linker_rows_preserve_safe_evidence_without_embedded_credentials ... ok
test tests::out_dir_batch_rolls_back_and_rejects_existing_or_symlinked_destinations ... ok
test tests::redaction_covers_database_uri_and_ci_token_families ... ok
test tests::sandbox_source_copy_rejects_special_files ... ok
test tests::sandbox_source_copy_holds_ancestor_across_path_replacement ... ok
test tests::capture_build_refuses_approval_shaped_data_without_capability ... ok
test tests::sandbox_source_copy_rejects_final_component_replacement ... ok
test tests::sandbox_source_copy_preserves_exclusions ... ok
test tests::proc_macro_rows_and_in_memory_summary_never_expose_sentinels ... ok
test tests::sandbox_source_copy_holds_final_file_across_path_replacement ... ok
test tests::proc_macro_evidence_refuses_oversized_regular_file ... ok
test tests::plain_boolean_and_operator_strings_cannot_forge_execution_approval ... ok
test tests::approved_execution_refuses_incomplete_approval_provenance ... ok
test tests::out_dir_manifest_is_deterministic_and_reproduces_exact_bytes ... ok
test tests::raw_log_never_exposes_approval_or_stream_sentinels ... ok
test tests::raw_log_publication_is_descriptor_bound_no_replace_and_no_symlink ... ok
test tests::failed_build_preserves_redacted_failure_run ... ok
test tests::build_script_execution_gate_refuses_default_and_captures_approved_logs ... ok
test tests::approved_fixture_capture_writes_raw_logs ... ok
test tests::native_linker_facts_require_approved_dynamic_capture ... ok
test tests::approved_execution_requires_recorded_mandatory_sandbox_provenance ... ok
test tests::proc_macro_execution_gate_refuses_default_and_captures_compiler_evidence ... ok
test tests::out_dir_artifact_reproduction_captures_manifest ... ok
test tests::approved_execution_capture_records_complete_compiler_evidence ... ok

test result: ok. 40 passed; 0 failed; 0 ignored; 0 measured; 0 filtered out; finished in 0.59s

     Running tests/approved_build_frontdoor.rs (/tmp/cdb034-build-capture-target/debug/deps/approved_build_frontdoor-df527a586e161f1a)

running 2 tests
test approved_frontdoor_rejects_raw_log_inside_source_tree ... ok
test approved_frontdoor_executes_with_external_log_and_preserves_source_tree ... ok

test result: ok. 2 passed; 0 failed; 0 ignored; 0 measured; 0 filtered out; finished in 0.17s

   Doc-tests codedb_build_capture

running 3 tests
error[E0603]: struct `ExecutionApprovalAuthority` is private
   --> crates/codedb_build_capture/src/lib.rs:497:27
    |
497 | use codedb_build_capture::ExecutionApprovalAuthority;
    |                           ^^^^^^^^^^^^^^^^^^^^^^^^^^ private struct
    |
note: the struct `ExecutionApprovalAuthority` is defined here
   --> crates/codedb_build_capture/src/lib.rs:104:1
    |
104 | struct ExecutionApprovalAuthority {
    | ^^^^^^^^^^^^^^^^^^^^^^^^^^^^^^^^^

error: aborting due to 1 previous error

For more information about this error, try `rustc --explain E0603`.
error[E0603]: struct `TrustedExecutionFrontdoor` is private
   --> crates/codedb_build_capture/src/lib.rs:713:27
    |
713 | use codedb_build_capture::TrustedExecutionFrontdoor;
    |                           ^^^^^^^^^^^^^^^^^^^^^^^^^ private struct
    |
note: the struct `TrustedExecutionFrontdoor` is defined here
   --> crates/codedb_build_capture/src/lib.rs:32:1
    |
 32 | struct TrustedExecutionFrontdoor(());
    | ^^^^^^^^^^^^^^^^^^^^^^^^^^^^^^^^

error: aborting due to 1 previous error

For more information about this error, try `rustc --explain E0603`.
test crates/codedb_build_capture/src/lib.rs - capture_approved_fixture_build_with_capability (line 495) - compile fail ... ok
test crates/codedb_build_capture/src/lib.rs - capture_from_trusted_frontdoor (line 711) - compile fail ... ok
error[E0603]: struct `TrustedExecutionFrontdoor` is private
   --> crates/codedb_build_capture/src/lib.rs:425:26
    |
425 |     BuildCaptureRequest, TrustedExecutionFrontdoor,
    |                          ^^^^^^^^^^^^^^^^^^^^^^^^^ private struct
    |
note: the struct `TrustedExecutionFrontdoor` is defined here
   --> crates/codedb_build_capture/src/lib.rs:32:1
    |
 32 | struct TrustedExecutionFrontdoor(());
    | ^^^^^^^^^^^^^^^^^^^^^^^^^^^^^^^^

error[E0603]: function `capture_from_trusted_frontdoor` is private
   --> crates/codedb_build_capture/src/lib.rs:426:5
    |
426 |     capture_from_trusted_frontdoor,
    |     ^^^^^^^^^^^^^^^^^^^^^^^^^^^^^^ private function
    |
note: the function `capture_from_trusted_frontdoor` is defined here
   --> crates/codedb_build_capture/src/lib.rs:716:1
    |
716 | / fn capture_from_trusted_frontdoor(
717 | |     _frontdoor: TrustedExecutionFrontdoor,
718 | |     request: BuildCaptureRequest,
719 | |     environment: &[(&str, &str)],
720 | | ) -> Result<BuildCaptureOutcome, BuildCaptureError> {
    | |___________________________________________________^

error: aborting due to 2 previous errors

For more information about this error, try `rustc --explain E0603`.
test crates/codedb_build_capture/src/lib.rs - capture_build (line 422) - compile fail ... ok

test result: ok. 3 passed; 0 failed; 0 ignored; 0 measured; 0 filtered out; finished in 0.02s

