Using saved setting for 'extra-substituters = https://yazelix.cachix.org' from ~/.local/share/nix/trusted-settings.json.
Using saved setting for 'extra-trusted-public-keys = yazelix.cachix.org-1:ZgxIjQvaP0VTWL8Racx27mpUNzDJ97xC2y7QWYjmGNM=' from ~/.local/share/nix/trusted-settings.json.
warning: ignoring the client-specified setting 'trusted-public-keys', because it is a restricted setting and you are not a trusted user
warning: ignoring the client-specified setting 'trusted-public-keys', because it is a restricted setting and you are not a trusted user
warning: ignoring the client-specified setting 'trusted-public-keys', because it is a restricted setting and you are not a trusted user
evaluation warning: The xorg package set has been deprecated, 'xorg.libX11' has been renamed to 'libx11'
evaluation warning: The xorg package set has been deprecated, 'xorg.libxcb' has been renamed to 'libxcb'
evaluation warning: The xorg package set has been deprecated, 'xorg.libxshmfence' has been renamed to 'libxshmfence'
building '/nix/store/61d5pfq1v3j5qlmk5rzlrs4x7k1yx45g-cargo-vendor-dir.drv'...
building '/nix/store/64avnkrkiw9sm92kzmdmlhpnc3czanfb-yazelix-core-0.1.0.drv'...
building '/nix/store/j78ii2lsd1af8245ic98vf3bndphbk3p-yzx.drv'...
building '/nix/store/idpb4qlknih3wcfzxws3g8y74vyj5g7v-nix-shell-env.drv'...
warning: ignoring the client-specified setting 'trusted-public-keys', because it is a restricted setting and you are not a trusted user
# CDB014 core schema validation
Thu Jul  2 03:30:46 UTC 2026

## cargo test -p codedb-core
   Compiling codedb-core v0.1.0 (/home/flexnetos/Downloads/nu_plugin/crates/codedb_core)
    Finished `test` profile [unoptimized + debuginfo] target(s) in 0.17s
     Running unittests src/lib.rs (target/debug/deps/codedb_core-cd134f37d755e460)

running 2 tests
test tests::schema_tables_convert_into_rows ... ok
test tests::workspace_identity_is_deterministic ... ok

test result: ok. 2 passed; 0 failed; 0 ignored; 0 measured; 0 filtered out; finished in 0.00s

   Doc-tests codedb_core

running 0 tests

test result: ok. 0 passed; 0 failed; 0 ignored; 0 measured; 0 filtered out; finished in 0.00s


## cargo build -p nu_plugin_codedb -p codedb
   Compiling codedb v0.1.0 (/home/flexnetos/Downloads/nu_plugin/crates/codedb)
   Compiling nu_plugin_codedb v0.1.0 (/home/flexnetos/Downloads/nu_plugin/crates/nu_plugin_codedb)
    Finished `dev` profile [unoptimized + debuginfo] target(s) in 6.62s

## Approved deterministic replay — 2026-07-27

Command:

    cargo test -p codedb-core --offline

Result:

    PASS — 77 passed; 0 failed

Suites:

    src/lib.rs                    29 passed
    tests/capture_policy.rs       21 passed
    tests/contained_reads.rs       4 passed
    tests/materialization_paths.rs 12 passed
    tests/secret_classifier.rs     4 passed
    tests/store_migrations.rs      3 passed
    tests/store_spec.rs            4 passed
    doc tests                      0 passed; 0 failed

Completion gate:

    schema structs compiled; unit tests pass

## Review handoff — 2026-07-28

Packet: `PACKET-TASK-CDB014` (`source_commit`
`c84740532ded2a27ee283ea7a3a5f303eaeb61a7`), dry-run only.

- The authoritative `CDB014` row is `complete`; its prerequisites `CDB013` and
  `CDB007` are also `complete`.
- The prior approved deterministic replay recorded `cargo test -p codedb-core
  --offline` as PASS with 77 passing tests.
- The pinned source commit exists, but the current checkout differs from it in
  seven `crates/codedb_core` files (884 insertions, 16 deletions) and this log.
  The changed core surface was therefore not re-tested as the pinned source.
- No source or dependency change was applied. This review records the existing
  completion evidence only; a reproducible revalidation must use the pinned
  snapshot or an explicitly authorized current-head task packet.

## Review refresh — 2026-07-28

Packet: `PACKET-TASK-CDB014`; replay remains dry-run only and source apply is
forbidden.

- The authoritative `CDB014` row and prerequisites `CDB013` and `CDB007` are
  `complete`; the declared completion gate is `schema structs compiled; unit
  tests pass`.
- Existing approved replay evidence records `cargo test -p codedb-core
  --offline` with 77 passed and 0 failed tests.
- The packet's pinned commit `c84740532ded2a27ee283ea7a3a5f303eaeb61a7`
  exists, but the current repository is at `2fe2d6ffc312a3933d09f5c3ee65d4ab34ddb858`.
  Relative to the pinned commit, `crates/codedb_core` differs in seven files
  (887 insertions, 17 deletions); the current worktree also has an uncommitted
  `crates/codedb_core/src/store.rs` modification.
- No test was rerun against this divergent, dirty checkout, and no source,
  dependency, or task-graph mutation was applied. The existing replay result
  remains evidence for the pinned snapshot only; revalidation requires that
  snapshot or a separately authorized current-head packet.
