# TASK-CDB019 cargo metadata capture verification
# Executed: 2026-07-27
# Network: disabled; Cargo invoked with --offline

## cargo fmt -p codedb-cargo --check

Result: PASS (exit 0)

## cargo metadata --offline --format-version 1 --no-deps

Result: PASS (exit 0)
Workspace metadata was emitted successfully in Cargo metadata format version 1.

## cargo test --offline -p codedb-cargo

    Finished `test` profile [unoptimized + debuginfo] target(s) in 0.04s
     Running unittests src/lib.rs (/run/user/1001/yazelix/volatile/cargo-target/debug/deps/codedb_cargo-b1997e7a8f8d4e16)

running 2 tests
test tests::cargo_source_classifier_covers_registry_git_and_path ... ok
test tests::captured_metadata_json_projection_is_stable ... ok

test result: ok. 2 passed; 0 failed; 0 ignored; 0 measured; 0 filtered out; finished in 0.00s

   Doc-tests codedb_cargo

running 0 tests

test result: ok. 0 passed; 0 failed; 0 ignored; 0 measured; 0 filtered out; finished in 0.00s

Completion gate: cargo captured
Verification gate: cargo metadata fixture passes

## Packet review refresh (2026-07-28)

Packet `PACKET-TASK-CDB019` was reviewed under its dry-run-only replay rule.
Dependencies `CDB014` and `CDB015` are both `complete` in the authoritative
task graph. The pinned commit `c84740532ded2a27ee283ea7a3a5f303eaeb61a7`
exists, and the current `codedb-cargo` source surface matches that commit.

An extracted temporary archive of the pinned commit was used, with
`CARGO_TARGET_DIR` inside that temporary directory. Network access stayed
disabled. Results:

- `cargo fmt -p codedb-cargo --check`: PASS.
- `cargo metadata --offline --format-version 1 --no-deps`: PASS; nonempty
  format-version-1 metadata emitted (SHA-256
  `5884c5b1de0b293b497c12d456b5b496bc5cec95a46b964d88ace266e2826915`).
- `cargo test --offline -p codedb-cargo`: PASS; 2 unit tests passed and 0
  doc-tests ran.

No source, manifest, lockfile, dependency, or replay state was changed. This
log is the sole review-handoff update.

## Review verification (2026-07-27)

Command: `cargo metadata --offline --format-version 1 --no-deps`

Result: PASS (exit 0). Structured Cargo metadata format version 1 was emitted
successfully with network access disabled. No source or dependency files were
mutated by this verification.

## Pinned-snapshot review (2026-07-28)

Packet scope: `PACKET-TASK-CDB019`; replay was dry-run only. The review used
an extracted temporary tree for source commit
`c84740532ded2a27ee283ea7a3a5f303eaeb61a7`; no repository source files or
dependency manifests were changed.

Commands and results:

- `git cat-file -e c84740532ded2a27ee283ea7a3a5f303eaeb61a7^{commit}`: PASS.
- `cargo metadata --offline --format-version 1 --no-deps`: PASS on the live
  workspace.
- `cargo fmt -p codedb-cargo --check`: PASS on the live workspace.
- `cargo test --offline -p codedb-cargo`: PASS on the live workspace and on
  the extracted pinned snapshot (2 unit tests passed; 0 failed; doc-tests 0).

Review findings:

- `codedb-context` invokes `cargo metadata --format-version 1` and the
  `codedb-cargo` projection deterministically produces workspace, package,
  target, dependency, resolve-node, and feature rows. This satisfies the
  CDB019 verification gate without regex-only Cargo parsing.
- The live repository HEAD was `7ec8845e016c21779a025a9518a7ad49f1934d63`,
  rather than the packet pin, and its worktree was already dirty. The CDB019
  validation above therefore relied on the separately extracted pinned tree;
  the live-tree result is supplemental review evidence only.

Completion gate: cargo captured
Verification gate: cargo metadata fixture passes
