CDB053 - temp-HOME plugin registry smoke test
Date: 2026-07-27
Status: passed

Validation environment:
- Nushell 0.113.1
- cargo 1.98.0-nightly (fbb61be30 2026-05-26)

Validation commands:
- `nu tests/test_plugin_registry.nu`
  - status: passed
  - row_count: 36
  - first_table: codedb_contexts
  - temp plugin registry SHA-256: 48ac6c32dd0677c71edbda16f86479b8d7874c64307ebd41cbdc4a0485192fc9
- `nu tests/test_no_real_home_plugin_registration.nu`
  - status: passed
  - real_home_registry_unchanged: true
  - plugin_table_rows: 36
- `nu --ide-check 100 tests/test_plugin_registry.nu`
- `nu --ide-check 100 examples/nushell/plugin_registry_smoke.nu`

Proof:
- `plugin add` writes only to a `plugins.msgpackz` file beneath a fresh temp HOME.
- A second Nu process loads that explicit registry, uses `codedb`, and returns the `source_files` table.
- The real HOME Nushell plugin-registry snapshot is equal before and after each test.
- Successful test and example paths remove their temp HOME directories after collecting the result.

Forbidden-action check:
- No plugin registration uses the real HOME or a default registry path.
- No tracked Yazelix runtime configuration is edited.

Acceptance signal: registry path proven safely.
