# CDB028 no-mutation proof

source_commit: c84740532ded2a27ee283ea7a3a5f303eaeb61a7
test: tests/test_no_mutation.nu
test_sha256: 4a56704fbf7ee5b20312ccaab29d54d0447d30c0a85435b94ec9cc2723c11173
execution: isolated git archive of source_commit
command: CODEDB_TEST_REPO_ROOT=<isolated-archive> nu <isolated-archive>/tests/test_no_mutation.nu
exit_code: 0

fixture results:
- label: clean_repo
  proof_status: proven
  pre_existing_dirty: false
  mutation_detected: false
- label: dirty_repo
  proof_status: proven
  pre_existing_dirty: true
  mutation_detected: false

postconditions:
- clean and pre-existing-dirty fixture status remained byte-for-byte unchanged
- fixtures/clean_repo/Cargo.lock remains absent
- isolated pinned source archive was removed after successful execution
- pre-existing dirty state in the real checkout was preserved
- the only task-authorized checkout mutation is this evidence log

completion_gate: no mutation proven
